vlib work
** Warning: (vlib-34) Library already exists at "work".
Errors: 0, Warnings: 1
vlog -sv -timescale 1ns/1ps +incdir+../tb/jtag_vip +incdir+../tb ../riscv-dbg/src/dm_pkg.sv ../riscv-dbg/src/tb_stubs.sv ../riscv-dbg/debug_rom/debug_rom.sv ../riscv-dbg/debug_rom/debug_rom_one_scratch.sv ../riscv-dbg/src/dmi_jtag_tap.sv ../riscv-dbg/src/dmi_cdc.sv ../riscv-dbg/src/dmi_jtag.sv ../riscv-dbg/src/dm_csrs.sv ../riscv-dbg/src/dm_sba.sv ../riscv-dbg/src/dm_mem.sv ../riscv-dbg/src/dm_top.sv ../tb/jtag_vip/dm_defines_pkg.sv ../tb/jtag_vip/jtag_if.sv ../tb/jtag_vip/jtag_pkg.sv ../tb/debug_pkg.sv ../tb/jtag_bitbang.sv ../tb/tb_top.sv
QuestaSim-64 vlog 2021.2_1 Compiler 2021.05 May 15 2021
Start time: 18:18:03 on May 08,2026
vlog -sv -timescale 1ns/1ps "+incdir+../tb/jtag_vip" "+incdir+../tb" ../riscv-dbg/src/dm_pkg.sv ../riscv-dbg/src/tb_stubs.sv ../riscv-dbg/debug_rom/debug_rom.sv ../riscv-dbg/debug_rom/debug_rom_one_scratch.sv ../riscv-dbg/src/dmi_jtag_tap.sv ../riscv-dbg/src/dmi_cdc.sv ../riscv-dbg/src/dmi_jtag.sv ../riscv-dbg/src/dm_csrs.sv ../riscv-dbg/src/dm_sba.sv ../riscv-dbg/src/dm_mem.sv ../riscv-dbg/src/dm_top.sv ../tb/jtag_vip/dm_defines_pkg.sv ../tb/jtag_vip/jtag_if.sv ../tb/jtag_vip/jtag_pkg.sv ../tb/debug_pkg.sv ../tb/jtag_bitbang.sv ../tb/tb_top.sv 
-- Compiling package dm
-- Compiling module cluster_clock_inverter
-- Compiling module pulp_clock_mux2
-- Compiling module cdc_2phase
-- Compiling module fifo_v2
-- Compiling module debug_rom
-- Compiling module debug_rom_one_scratch
-- Compiling module dmi_jtag_tap
-- Compiling module dmi_cdc
-- Importing package dm
** Warning: ../riscv-dbg/src/dmi_cdc.sv(24): (vlog-13314) Defaulting port 'jtag_dmi_req_i' kind to 'var' rather than 'wire' due to default compile option setting of -svinputport=relaxed.
** Warning: ../riscv-dbg/src/dmi_cdc.sv(40): (vlog-13314) Defaulting port 'core_dmi_resp_i' kind to 'var' rather than 'wire' due to default compile option setting of -svinputport=relaxed.
-- Compiling module dmi_jtag
** Warning: ../riscv-dbg/src/dmi_jtag.sv(31): (vlog-13314) Defaulting port 'dmi_resp_i' kind to 'var' rather than 'wire' due to default compile option setting of -svinputport=relaxed.
-- Compiling module dm_csrs
** Warning: ../riscv-dbg/src/dm_csrs.sv(29): (vlog-13314) Defaulting port 'dmi_req_i' kind to 'var' rather than 'wire' due to default compile option setting of -svinputport=relaxed.
** Warning: ../riscv-dbg/src/dm_csrs.sv(39): (vlog-13314) Defaulting port 'hartinfo_i' kind to 'var' rather than 'wire' due to default compile option setting of -svinputport=relaxed.
** Warning: ../riscv-dbg/src/dm_csrs.sv(58): (vlog-13314) Defaulting port 'data_i' kind to 'var' rather than 'wire' due to default compile option setting of -svinputport=relaxed.
-- Compiling module dm_sba
-- Compiling module dm_mem
** Warning: ../riscv-dbg/src/dm_mem.sv(39): (vlog-13314) Defaulting port 'progbuf_i' kind to 'var' rather than 'wire' due to default compile option setting of -svinputport=relaxed.
** Warning: ../riscv-dbg/src/dm_mem.sv(41): (vlog-13314) Defaulting port 'data_i' kind to 'var' rather than 'wire' due to default compile option setting of -svinputport=relaxed.
** Warning: ../riscv-dbg/src/dm_mem.sv(46): (vlog-13314) Defaulting port 'cmd_i' kind to 'var' rather than 'wire' due to default compile option setting of -svinputport=relaxed.
-- Compiling module dm_top
** Warning: ../riscv-dbg/src/dm_top.sv(36): (vlog-13314) Defaulting port 'hartinfo_i' kind to 'var' rather than 'wire' due to default compile option setting of -svinputport=relaxed.
** Warning: ../riscv-dbg/src/dm_top.sv(58): (vlog-13314) Defaulting port 'dmi_req_i' kind to 'var' rather than 'wire' due to default compile option setting of -svinputport=relaxed.
-- Compiling package dm_defines_pkg
-- Compiling interface jtag_if
-- Compiling package jtag_pkg
-- Importing package mtiUvm.uvm_pkg (uvm-1.1d Built-in)
-- Importing package dm_defines_pkg
** Note: (vlog-2286) ../tb/jtag_vip/jtag_pkg.sv(9): Using implicit +incdir+/home/jk/mentor/questasim/uvm-1.1d/../verilog_src/uvm-1.1d/src from import uvm_pkg
-- Compiling package debug_pkg
-- Importing package jtag_pkg
-- Compiling module jtag_bitbang
-- Compiling module tb_top
-- Importing package debug_pkg

Top level modules:
	tb_top
End time: 18:18:03 on May 08,2026, Elapsed time: 0:00:00
Errors: 0, Warnings: 11
🚀 Starting vsim...
vsim -c -do "run -all; quit -f" \
     -dpioutoftheblue 1 -sv_lib uvm_bridge work.tb_top \
     +UVM_TESTNAME=debug_test \
     "+PYTHON_SEQ=../run.py --transport openocd --scenario read_dmstatus --mode batch --log-level DEBUG" \
     +JTAG_MASTER=openocd \
     +UVM_VERBOSITY=UVM_MEDIUM 2>&1 &
⏳ Waiting for JTAG bitbang server to start...
Reading pref.tcl

# 2021.2_1

# vsim -c -do "run -all; quit -f" -dpioutoftheblue 1 -sv_lib uvm_bridge work.tb_top "+UVM_TESTNAME=debug_test" "+PYTHON_SEQ=../run.py --transport openocd --scenario read_dmstatus --mode batch --log-level DEBUG" "+JTAG_MASTER=openocd" "+UVM_VERBOSITY=UVM_MEDIUM" 
# Start time: 18:18:04 on May 08,2026
# ** Note: (vsim-8009) Loading existing optimized design _opt7
# //  Questa Sim-64
# //  Version 2021.2_1 linux_x86_64 May 15 2021
# //
# //  Copyright 1991-2021 Mentor Graphics Corporation
# //  All Rights Reserved.
# //
# //  QuestaSim and its associated documentation contain trade
# //  secrets and commercial or financial information that are the property of
# //  Mentor Graphics Corporation and are privileged, confidential,
# //  and exempt from disclosure under the Freedom of Information Act,
# //  5 U.S.C. Section 552. Furthermore, this information
# //  is prohibited from disclosure under the Trade Secrets Act,
# //  18 U.S.C. Section 1905.
# //
# Loading sv_std.std
# Loading work.jtag_if(fast)
# Loading work.dm_defines_pkg(fast)
# Loading mtiUvm.uvm_pkg(fast)
# Loading work.jtag_pkg(fast)
# Loading work.debug_pkg(fast)
# Loading work.dm(fast)
# Loading mtiUvm.questa_uvm_pkg(fast)
# Loading work.tb_top(fast)
# Loading work.dm_top(fast)
# ** Warning: (vsim-3764) Stand-alone call to function 'get' treated as implicit void cast.
#    Time: 0 ps  Iteration: 0  Region: /debug_pkg File: ../tb/debug_pkg.sv Line: 300
# Loading ./uvm_bridge.so
# Loading /home/jk/mentor/questasim/uvm-1.1d/linux_x86_64/uvm_dpi.so
# run -all
JTAG remote bitbang server is ready
Listening on port 9824
[bitbang-tick] 1M ticks, client_fd=0
[bitbang-tick] 2M ticks, client_fd=0
[bitbang-tick] 3M ticks, client_fd=0
[bitbang-tick] 4M ticks, client_fd=0
[bitbang-tick] 5M ticks, client_fd=0
[bitbang-tick] 6M ticks, client_fd=0
[bitbang-tick] 7M ticks, client_fd=0
[bitbang-tick] 8M ticks, client_fd=0
[bitbang-tick] 9M ticks, client_fd=0
[bitbang-tick] 10M ticks, client_fd=0
[bitbang-tick] 11M ticks, client_fd=0
# ----------------------------------------------------------------
# UVM-1.1d
# (C) 2007-2013 Mentor Graphics Corporation
# (C) 2007-2013 Cadence Design Systems, Inc.
# (C) 2006-2013 Synopsys, Inc.
# (C) 2011-2013 Cypress Semiconductor Corp.
# ----------------------------------------------------------------
# 
#   ***********       IMPORTANT RELEASE NOTES         ************
# 
#   You are using a version of the UVM library that has been compiled
#   with `UVM_NO_DEPRECATED undefined.
#   See http://www.eda.org/svdb/view.php?id=3313 for more details.
# 
#   You are using a version of the UVM library that has been compiled
#   with `UVM_OBJECT_MUST_HAVE_CONSTRUCTOR undefined.
#   See http://www.eda.org/svdb/view.php?id=3770 for more details.
# 
#       (Specify +UVM_NO_RELNOTES to turn off this notice)
# 
# UVM_INFO verilog_src/questa_uvm_pkg-1.2/src/questa_uvm_pkg.sv(277) @ 0: reporter [Questa UVM] QUESTA_UVM-1.2.3
# UVM_INFO verilog_src/questa_uvm_pkg-1.2/src/questa_uvm_pkg.sv(278) @ 0: reporter [Questa UVM]  questa_uvm::init(+struct)
# UVM_INFO @ 0: reporter [RNTST] Running test debug_test...
# UVM_INFO ../tb/debug_pkg.sv(311) @ 0: uvm_test_top [TEST] OpenOCD mode â bitbang server active, waiting for quit signal
[bitbang-tick] 12M ticks, client_fd=0
[bitbang-tick] 13M ticks, client_fd=0
[bitbang-tick] 14M ticks, client_fd=0
[bitbang-tick] 15M ticks, client_fd=0
[bitbang-tick] 16M ticks, client_fd=0
[bitbang-tick] 17M ticks, client_fd=0
[bitbang-tick] 18M ticks, client_fd=0
[bitbang-tick] 19M ticks, client_fd=0
[bitbang-tick] 20M ticks, client_fd=0
[bitbang-tick] 21M ticks, client_fd=0
[bitbang-tick] 22M ticks, client_fd=0
🚀 Starting Python runner (manages OpenOCD lifecycle)...
python3 ../run.py --transport openocd --scenario read_dmstatus --mode batch --log-level DEBUG
Accepted successfully.
[bitbang] 1000 commands processed (last='R')
[bitbang] 2000 commands processed (last='5')
[bitbang] 3000 commands processed (last='0')
[bitbang-tick] 23M ticks, client_fd=6
[bitbang] 4000 commands processed (last='0')
[bitbang] 5000 commands processed (last='4')
[bitbang-tick] 24M ticks, client_fd=6
[bitbang] 6000 commands processed (last='R')
[bitbang] 7000 commands processed (last='0')
[bitbang-tick] 25M ticks, client_fd=6
[bitbang] 8000 commands processed (last='4')
[bitbang] 9000 commands processed (last='5')
[bitbang-tick] 26M ticks, client_fd=6
[bitbang] 10000 commands processed (last='0')
[bitbang] 11000 commands processed (last='R')
[bitbang] 12000 commands processed (last='4')
[bitbang-tick] 27M ticks, client_fd=6
[bitbang] 13000 commands processed (last='R')
[bitbang] 14000 commands processed (last='4')
[bitbang-tick] 28M ticks, client_fd=6
[bitbang] 15000 commands processed (last='0')
[bitbang] 16000 commands processed (last='R')
[bitbang-tick] 29M ticks, client_fd=6
[bitbang] 17000 commands processed (last='0')
[OpenOCD] Open On-Chip Debugger 0.12.0+dev-04404-geb01c632a (2026-04-16-07:51)
[OpenOCD] Licensed under GNU GPL v2
[OpenOCD] For bug reports, read
[OpenOCD] 	http://openocd.org/doc/doxygen/bugs.html
[OpenOCD] Info : Initializing remote_bitbang driver
[OpenOCD] Info : Connecting to localhost:9824
[OpenOCD] Info : remote_bitbang driver initialized
[OpenOCD] Info : Note: The adapter "remote_bitbang" doesn't support configurable speed
[OpenOCD] Info : JTAG tap: riscv.cpu tap/device found: 0xdead0001 (mfg: 0x000 (<invalid>), part: 0xead0, ver: 0xd)
[OpenOCD] Info : [riscv.cpu] datacount=2 progbufsize=8
[OpenOCD] Warn : [riscv.cpu] 'misa' register is read as zero.OpenOCD will not be able to determine some hart's capabilities.
[OpenOCD] Info : [riscv.cpu] Vector support with vlenb=512
[OpenOCD] Info : [riscv.cpu] S?aia detected with IMSIC
[OpenOCD] Info : [riscv.cpu] Examined RISC-V core
[OpenOCD] Info : [riscv.cpu]  XLEN=32, misa=0x0
[OpenOCD] [riscv.cpu] Target successfully examined.
[OpenOCD] Info : [riscv.cpu] Examination succeed
[OpenOCD] Info : [riscv.cpu] starting gdb server on 3333
[OpenOCD] Info : Listening on port 3333 for gdb connections
[OpenOCD] Info : Listening on port 6666 for tcl connections
[OpenOCD] Info : Listening on port 4444 for telnet connections

════════════════════════════════════════════════════════════
  Debug Session  [BATCH]  1 step(s)
════════════════════════════════════════════════════════════
  [01] Read dmstatus ... [bitbang] 18000 commands processed (last='R')
Remote end disconnected
[OpenOCD] Info : accepting 'tcl' connection on tcp/6666
[OpenOCD] 000000000000
[OpenOCD] 000000000000
[ok]  dmstatus = 0x00000000

════════════════════════════════════════════════════════════
  Session complete — 1/1 passed
════════════════════════════════════════════════════════════

[OpenOCD] Info : dropped 'tcl' connection
[OpenOCD] shutdown command invoked
[OpenOCD] Info : remote_bitbang interface quit
# UVM_INFO ../tb/debug_pkg.sv(317) @ 299100000000: uvm_test_top [TEST] Remote bitbang client disconnected â ending sim
# UVM_INFO ../tb/debug_pkg.sv(329) @ 299100000000: uvm_test_top [TEST] Session complete â ending simulation
# UVM_INFO verilog_src/uvm-1.1d/src/base/uvm_objection.svh(1267) @ 299100000000: reporter [TEST_DONE] 'run' phase is ready to proceed to the 'extract' phase
# UVM_INFO ../tb/debug_pkg.sv(160) @ 299100000000: uvm_test_top.m_env.m_scoreboard [SCB] Checked=0 Errors=0
# 
# --- UVM Report Summary ---
# 
# ** Report counts by severity
# UVM_INFO :    8
# UVM_WARNING :    0
# UVM_ERROR :    0
# UVM_FATAL :    0
# ** Report counts by id
# [Questa UVM]     2
# [RNTST]     1
# [SCB]     1
# [TEST]     3
# [TEST_DONE]     1
# ** Note: $finish    : /home/jk/mentor/questasim/linux_x86_64/../verilog_src/uvm-1.1d/src/base/uvm_root.svh(430)
#    Time: 299100 us  Iteration: 54  Instance: /tb_top
# End time: 18:18:48 on May 08,2026, Elapsed time: 0:00:44
# Errors: 0, Warnings: 1
